0 verbose cli D:\DevelpTools\nodejs\node.exe D:\DevelpTools\nodejs\node_modules\npm\bin\npm-cli.js
1 info using npm@10.2.4
2 info using node@v20.11.0
3 timing npm:load:whichnode Completed in 3ms
4 timing config:load:defaults Completed in 4ms
5 timing config:load:file:D:\DevelpTools\nodejs\node_modules\npm\npmrc Completed in 2ms
6 timing config:load:builtin Completed in 2ms
7 timing config:load:cli Completed in 1ms
8 timing config:load:env Completed in 1ms
9 timing config:load:file:D:\CodeTest\Git_hub\Python_Aiops\backend\.npmrc Completed in 0ms
10 timing config:load:project Completed in 3ms
11 timing config:load:file:C:\Users\57718\.npmrc Completed in 1ms
12 timing config:load:user Completed in 1ms
13 timing config:load:file:D:\DevelpTools\nodejs\node_global\etc\npmrc Completed in 0ms
14 timing config:load:global Completed in 0ms
15 timing config:load:setEnvs Completed in 1ms
16 timing config:load Completed in 13ms
17 timing npm:load:configload Completed in 13ms
18 timing config:load:flatten Completed in 2ms
19 timing npm:load:mkdirpcache Completed in 1ms
20 timing npm:load:mkdirplogs Completed in 0ms
21 verbose title npm exec eslint src/components/AgentNode.tsx src/components/AgentPalette.tsx src/lib/agentTypes.ts
22 verbose argv "exec" "--" "eslint" "src/components/AgentNode.tsx" "src/components/AgentPalette.tsx" "src/lib/agentTypes.ts"
23 timing npm:load:setTitle Completed in 1ms
24 timing npm:load:display Completed in 1ms
25 verbose logfile logs-max:10 dir:D:\CodeTest\Git_hub\Python_Aiops\backend\.npm-cache\_logs\2026-07-31T06_56_26_109Z-
26 verbose logfile D:\CodeTest\Git_hub\Python_Aiops\backend\.npm-cache\_logs\2026-07-31T06_56_26_109Z-debug-0.log
27 timing npm:load:logFile Completed in 12ms
28 timing npm:load:timers Completed in 0ms
29 timing npm:load:configScope Completed in 0ms
30 timing npm:load Completed in 59ms
31 silly logfile done cleaning log files
32 timing arborist:ctor Completed in 1ms
33 http fetch GET 200 https://registry.npmmirror.com/eslint 608ms (cache miss)
34 timing arborist:ctor Completed in 0ms
35 http fetch GET 200 https://registry.npmmirror.com/npm 839ms (cache miss)
36 timing arborist:ctor Completed in 0ms
37 warn exec The following package was not found and will be installed: eslint@10.8.0
38 timing arborist:ctor Completed in 0ms
39 timing idealTree:init Completed in 10ms
40 timing idealTree:userRequests Completed in 1ms
41 silly idealTree buildDeps
42 silly fetch manifest eslint@10.8.0
43 http fetch GET 200 https://registry.npmmirror.com/eslint 12ms (cache hit)
44 silly fetch manifest jiti@*
45 http fetch GET 200 https://registry.npmmirror.com/jiti 184ms (cache miss)
46 silly placeDep ROOT eslint@10.8.0 OK for:  want: 10.8.0
47 silly fetch manifest ajv@^6.14.0
48 silly fetch manifest debug@^4.3.2
49 silly fetch manifest espree@^11.2.0
50 silly fetch manifest ignore@^5.2.0
51 silly fetch manifest esquery@^1.7.0
52 silly fetch manifest esutils@^2.0.2
53 silly fetch manifest find-up@^5.0.0
54 silly fetch manifest is-glob@^4.0.0
55 silly fetch manifest minimatch@^10.2.5
56 silly fetch manifest optionator@^0.9.3
57 silly fetch manifest cross-spawn@^7.0.6
58 silly fetch manifest glob-parent@^6.0.2
59 silly fetch manifest imurmurhash@^0.1.4
60 silly fetch manifest @eslint/core@^1.2.1
61 silly fetch manifest eslint-scope@^9.1.2
62 silly fetch manifest @humanfs/node@^0.16.6
63 silly fetch manifest @types/estree@^1.0.6
64 silly fetch manifest fast-deep-equal@^3.1.3
65 silly fetch manifest natural-compare@^1.4.0
66 silly fetch manifest file-entry-cache@^8.0.0
67 silly fetch manifest @eslint/plugin-kit@^0.7.2
68 silly fetch manifest eslint-visitor-keys@^5.0.1
69 silly fetch manifest @eslint/config-array@^0.23.5
70 silly fetch manifest @humanwhocodes/retry@^0.4.2
71 silly fetch manifest escape-string-regexp@^4.0.0
72 silly fetch manifest @eslint/config-helpers@^0.7.0
73 silly fetch manifest @eslint-community/regexpp@^4.12.2
74 silly fetch manifest @eslint-community/eslint-utils@^4.8.0
75 silly fetch manifest @humanwhocodes/module-importer@^1.0.1
76 silly fetch manifest json-stable-stringify-without-jsonify@^1.0.1
77 http fetch GET 200 https://registry.npmmirror.com/debug 87ms (cache miss)
78 http fetch GET 200 https://registry.npmmirror.com/ajv 116ms (cache miss)
79 http fetch GET 200 https://registry.npmmirror.com/imurmurhash 535ms (cache miss)
80 http fetch GET 200 https://registry.npmmirror.com/optionator 538ms (cache miss)
81 http fetch GET 200 https://registry.npmmirror.com/esutils 542ms (cache miss)
82 http fetch GET 200 https://registry.npmmirror.com/is-glob 542ms (cache miss)
83 http fetch GET 200 https://registry.npmmirror.com/glob-parent 541ms (cache miss)
84 http fetch GET 200 https://registry.npmmirror.com/json-stable-stringify-without-jsonify 532ms (cache miss)
85 http fetch GET 200 https://registry.npmmirror.com/@humanwhocodes%2fmodule-importer 532ms (cache miss)
86 http fetch GET 200 https://registry.npmmirror.com/escape-string-regexp 535ms (cache miss)
87 http fetch GET 200 https://registry.npmmirror.com/@eslint%2fcore 544ms (cache miss)
88 http fetch GET 200 https://registry.npmmirror.com/find-up 547ms (cache miss)
89 http fetch GET 200 https://registry.npmmirror.com/@eslint-community%2feslint-utils 537ms (cache miss)
90 http fetch GET 200 https://registry.npmmirror.com/@humanwhocodes%2fretry 540ms (cache miss)
91 http fetch GET 200 https://registry.npmmirror.com/@humanfs%2fnode 547ms (cache miss)
92 http fetch GET 200 https://registry.npmmirror.com/fast-deep-equal 558ms (cache miss)
93 http fetch GET 200 https://registry.npmmirror.com/eslint-visitor-keys 554ms (cache miss)
94 http fetch GET 200 https://registry.npmmirror.com/natural-compare 560ms (cache miss)
95 http fetch GET 200 https://registry.npmmirror.com/@eslint%2fconfig-helpers 553ms (cache miss)
96 http fetch GET 200 https://registry.npmmirror.com/esquery 566ms (cache miss)
97 http fetch GET 200 https://registry.npmmirror.com/cross-spawn 565ms (cache miss)
98 http fetch GET 200 https://registry.npmmirror.com/@types%2festree 574ms (cache miss)
99 http fetch GET 200 https://registry.npmmirror.com/@eslint-community%2fregexpp 567ms (cache miss)
100 http fetch GET 200 https://registry.npmmirror.com/eslint-scope 576ms (cache miss)
101 http fetch GET 200 https://registry.npmmirror.com/@eslint%2fconfig-array 572ms (cache miss)
102 http fetch GET 200 https://registry.npmmirror.com/@eslint%2fplugin-kit 577ms (cache miss)
103 http fetch GET 200 https://registry.npmmirror.com/ignore 589ms (cache miss)
104 http fetch GET 200 https://registry.npmmirror.com/file-entry-cache 593ms (cache miss)
105 http fetch GET 200 https://registry.npmmirror.com/espree 609ms (cache miss)
106 http fetch GET 200 https://registry.npmmirror.com/minimatch 612ms (cache miss)
107 timing idealTree:#root Completed in 827ms
108 silly fetch manifest eslint@^6.0.0 || ^7.0.0 || >=8.0.0
109 silly placeDep ROOT @eslint-community/eslint-utils@4.10.1 OK for: eslint@10.8.0 want: ^4.8.0
110 silly fetch manifest eslint-visitor-keys@^3.4.3
111 silly placeDep ROOT @eslint-community/regexpp@4.12.2 OK for: eslint@10.8.0 want: ^4.12.2
112 silly placeDep ROOT @eslint/config-array@0.23.5 OK for: eslint@10.8.0 want: ^0.23.5
113 silly fetch manifest @eslint/object-schema@^3.0.5
114 silly fetch manifest debug@^4.3.1
115 silly fetch manifest minimatch@^10.2.4
116 silly placeDep ROOT @eslint/config-helpers@0.7.0 OK for: eslint@10.8.0 want: ^0.7.0
117 silly placeDep ROOT @eslint/core@1.2.1 OK for: eslint@10.8.0 want: ^1.2.1
118 silly fetch manifest @types/json-schema@^7.0.15
119 silly placeDep ROOT @eslint/plugin-kit@0.7.2 OK for: eslint@10.8.0 want: ^0.7.2
120 silly fetch manifest levn@^0.4.1
121 silly placeDep ROOT @humanfs/node@0.16.8 OK for: eslint@10.8.0 want: ^0.16.6
122 silly fetch manifest @humanwhocodes/retry@^0.4.0
123 silly fetch manifest @humanfs/core@^0.19.2
124 silly fetch manifest @humanfs/types@^0.15.0
125 silly placeDep ROOT @humanwhocodes/module-importer@1.0.1 OK for: eslint@10.8.0 want: ^1.0.1
126 silly placeDep ROOT @humanwhocodes/retry@0.4.3 OK for: eslint@10.8.0 want: ^0.4.2
127 silly placeDep ROOT @types/estree@1.0.9 OK for: eslint@10.8.0 want: ^1.0.6
128 silly placeDep ROOT ajv@6.15.0 OK for: eslint@10.8.0 want: ^6.14.0
129 silly fetch manifest fast-deep-equal@^3.1.1
130 silly fetch manifest fast-json-stable-stringify@^2.0.0
131 silly fetch manifest json-schema-traverse@^0.4.1
132 silly fetch manifest uri-js@^4.2.2
133 silly placeDep ROOT cross-spawn@7.0.6 OK for: eslint@10.8.0 want: ^7.0.6
134 silly fetch manifest path-key@^3.1.0
135 silly fetch manifest shebang-command@^2.0.0
136 silly fetch manifest which@^2.0.1
137 silly placeDep ROOT debug@4.4.3 OK for: eslint@10.8.0 want: ^4.3.2
138 silly fetch manifest ms@^2.1.3
139 silly placeDep ROOT escape-string-regexp@4.0.0 OK for: eslint@10.8.0 want: ^4.0.0
140 silly placeDep ROOT eslint-scope@9.1.2 OK for: eslint@10.8.0 want: ^9.1.2
141 silly fetch manifest @types/esrecurse@^4.3.1
142 silly fetch manifest esrecurse@^4.3.0
143 silly fetch manifest estraverse@^5.2.0
144 silly placeDep ROOT eslint-visitor-keys@5.0.1 OK for: eslint@10.8.0 want: ^5.0.1
145 silly placeDep ROOT espree@11.2.0 OK for: eslint@10.8.0 want: ^11.2.0
146 silly fetch manifest acorn@^8.16.0
147 silly fetch manifest acorn-jsx@^5.3.2
148 silly placeDep ROOT esquery@1.7.0 OK for: eslint@10.8.0 want: ^1.7.0
149 silly fetch manifest estraverse@^5.1.0
150 silly placeDep ROOT esutils@2.0.3 OK for: eslint@10.8.0 want: ^2.0.2
151 silly placeDep ROOT fast-deep-equal@3.1.3 OK for: eslint@10.8.0 want: ^3.1.3
152 silly placeDep ROOT file-entry-cache@8.0.0 OK for: eslint@10.8.0 want: ^8.0.0
153 silly fetch manifest flat-cache@^4.0.0
154 silly placeDep ROOT find-up@5.0.0 OK for: eslint@10.8.0 want: ^5.0.0
155 silly fetch manifest locate-path@^6.0.0
156 silly fetch manifest path-exists@^4.0.0
157 silly placeDep ROOT glob-parent@6.0.2 OK for: eslint@10.8.0 want: ^6.0.2
158 silly fetch manifest is-glob@^4.0.3
159 silly placeDep ROOT ignore@5.3.2 OK for: eslint@10.8.0 want: ^5.2.0
160 silly placeDep ROOT imurmurhash@0.1.4 OK for: eslint@10.8.0 want: ^0.1.4
161 silly placeDep ROOT is-glob@4.0.3 OK for: eslint@10.8.0 want: ^4.0.0
162 silly fetch manifest is-extglob@^2.1.1
163 silly placeDep ROOT json-stable-stringify-without-jsonify@1.0.1 OK for: eslint@10.8.0 want: ^1.0.1
164 silly placeDep ROOT minimatch@10.2.6 OK for: eslint@10.8.0 want: ^10.2.5
165 silly fetch manifest brace-expansion@^5.0.8
166 silly placeDep ROOT natural-compare@1.4.0 OK for: eslint@10.8.0 want: ^1.4.0
167 silly placeDep ROOT optionator@0.9.4 OK for: eslint@10.8.0 want: ^0.9.3
168 silly fetch manifest prelude-ls@^1.2.1
169 silly fetch manifest deep-is@^0.1.3
170 silly fetch manifest word-wrap@^1.2.5
171 silly fetch manifest type-check@^0.4.0
172 silly fetch manifest fast-levenshtein@^2.0.6
173 http fetch GET 200 https://registry.npmmirror.com/levn 94ms (cache miss)
174 http fetch GET 200 https://registry.npmmirror.com/@types%2fjson-schema 96ms (cache miss)
175 http fetch GET 200 https://registry.npmmirror.com/fast-json-stable-stringify 87ms (cache miss)
176 http fetch GET 200 https://registry.npmmirror.com/@humanfs%2fcore 117ms (cache miss)
177 http fetch GET 200 https://registry.npmmirror.com/@humanfs%2ftypes 117ms (cache miss)
178 http fetch GET 200 https://registry.npmmirror.com/@eslint%2fobject-schema 125ms (cache miss)
179 http fetch GET 200 https://registry.npmmirror.com/shebang-command 183ms (cache miss)
180 http fetch GET 200 https://registry.npmmirror.com/json-schema-traverse 287ms (cache miss)
181 http fetch GET 200 https://registry.npmmirror.com/path-key 286ms (cache miss)
182 http fetch GET 200 https://registry.npmmirror.com/word-wrap 270ms (cache miss)
183 http fetch GET 200 https://registry.npmmirror.com/esrecurse 286ms (cache miss)
184 http fetch GET 200 https://registry.npmmirror.com/path-exists 283ms (cache miss)
185 http fetch GET 200 https://registry.npmmirror.com/estraverse 293ms (cache miss)
186 http fetch GET 200 https://registry.npmmirror.com/ms 297ms (cache miss)
187 http fetch GET 200 https://registry.npmmirror.com/is-extglob 287ms (cache miss)
188 http fetch GET 200 https://registry.npmmirror.com/which 300ms (cache miss)
189 http fetch GET 200 https://registry.npmmirror.com/uri-js 306ms (cache miss)
190 http fetch GET 200 https://registry.npmmirror.com/@types%2fesrecurse 310ms (cache miss)
191 http fetch GET 200 https://registry.npmmirror.com/estraverse 307ms (cache miss)
192 http fetch GET 200 https://registry.npmmirror.com/prelude-ls 302ms (cache miss)
193 http fetch GET 200 https://registry.npmmirror.com/locate-path 311ms (cache miss)
194 http fetch GET 200 https://registry.npmmirror.com/fast-levenshtein 305ms (cache miss)
195 http fetch GET 200 https://registry.npmmirror.com/acorn-jsx 319ms (cache miss)
196 http fetch GET 200 https://registry.npmmirror.com/flat-cache 324ms (cache miss)
197 http fetch GET 200 https://registry.npmmirror.com/type-check 323ms (cache miss)
198 http fetch GET 200 https://registry.npmmirror.com/brace-expansion 327ms (cache miss)
199 http fetch GET 200 https://registry.npmmirror.com/deep-is 327ms (cache miss)
200 http fetch GET 200 https://registry.npmmirror.com/acorn 339ms (cache miss)
201 timing idealTree:node_modules/eslint Completed in 380ms
202 silly placeDep node_modules/@eslint-community/eslint-utils eslint-visitor-keys@3.4.3 OK for: @eslint-community/eslint-utils@4.10.1 want: ^3.4.3
203 timing idealTree:node_modules/@eslint-community/eslint-utils Completed in 3ms
204 timing idealTree:node_modules/@eslint-community/regexpp Completed in 0ms
205 silly placeDep ROOT @eslint/object-schema@3.0.5 OK for: @eslint/config-array@0.23.5 want: ^3.0.5
206 timing idealTree:node_modules/@eslint/config-array Completed in 2ms
207 timing idealTree:node_modules/@eslint/config-helpers Completed in 0ms
208 silly placeDep ROOT @types/json-schema@7.0.15 OK for: @eslint/core@1.2.1 want: ^7.0.15
209 timing idealTree:node_modules/@eslint/core Completed in 1ms
210 timing idealTree:node_modules/@eslint/object-schema Completed in 0ms
211 silly placeDep ROOT levn@0.4.1 OK for: @eslint/plugin-kit@0.7.2 want: ^0.4.1
212 silly fetch manifest type-check@~0.4.0
213 timing idealTree:node_modules/@eslint/plugin-kit Completed in 2ms
214 silly placeDep ROOT @humanfs/core@0.19.2 OK for: @humanfs/node@0.16.8 want: ^0.19.2
215 silly placeDep ROOT @humanfs/types@0.15.0 OK for: @humanfs/node@0.16.8 want: ^0.15.0
216 timing idealTree:node_modules/@humanfs/node Completed in 3ms
217 timing idealTree:node_modules/@humanfs/core Completed in 0ms
218 timing idealTree:node_modules/@humanfs/types Completed in 0ms
219 timing idealTree:node_modules/@humanwhocodes/module-importer Completed in 0ms
220 timing idealTree:node_modules/@humanwhocodes/retry Completed in 0ms
221 timing idealTree:node_modules/@types/estree Completed in 0ms
222 timing idealTree:node_modules/@types/json-schema Completed in 0ms
223 silly placeDep ROOT fast-json-stable-stringify@2.1.0 OK for: ajv@6.15.0 want: ^2.0.0
224 silly placeDep ROOT json-schema-traverse@0.4.1 OK for: ajv@6.15.0 want: ^0.4.1
225 silly placeDep ROOT uri-js@4.4.1 OK for: ajv@6.15.0 want: ^4.2.2
226 silly fetch manifest punycode@^2.1.0
227 http fetch GET 200 https://registry.npmmirror.com/punycode 79ms (cache miss)
228 timing idealTree:node_modules/ajv Completed in 82ms
229 silly placeDep ROOT path-key@3.1.1 OK for: cross-spawn@7.0.6 want: ^3.1.0
230 silly placeDep ROOT shebang-command@2.0.0 OK for: cross-spawn@7.0.6 want: ^2.0.0
231 silly fetch manifest shebang-regex@^3.0.0
232 silly placeDep ROOT which@2.0.2 OK for: cross-spawn@7.0.6 want: ^2.0.1
233 silly fetch manifest isexe@^2.0.0
234 http fetch GET 200 https://registry.npmmirror.com/shebang-regex 51ms (cache miss)
235 http fetch GET 200 https://registry.npmmirror.com/isexe 56ms (cache miss)
236 timing idealTree:node_modules/cross-spawn Completed in 62ms
237 silly placeDep ROOT ms@2.1.3 OK for: debug@4.4.3 want: ^2.1.3
238 timing idealTree:node_modules/debug Completed in 1ms
239 timing idealTree:node_modules/escape-string-regexp Completed in 0ms
240 silly placeDep ROOT @types/esrecurse@4.3.1 OK for: eslint-scope@9.1.2 want: ^4.3.1
241 silly placeDep ROOT esrecurse@4.3.0 OK for: eslint-scope@9.1.2 want: ^4.3.0
242 silly placeDep ROOT estraverse@5.3.0 OK for: eslint-scope@9.1.2 want: ^5.2.0
243 timing idealTree:node_modules/eslint-scope Completed in 4ms
244 timing idealTree:node_modules/@types/esrecurse Completed in 0ms
245 timing idealTree:node_modules/eslint-visitor-keys Completed in 0ms
246 silly placeDep ROOT acorn@8.18.0 OK for: espree@11.2.0 want: ^8.16.0
247 silly placeDep ROOT acorn-jsx@5.3.2 OK for: espree@11.2.0 want: ^5.3.2
248 timing idealTree:node_modules/espree Completed in 3ms
249 timing idealTree:node_modules/acorn Completed in 0ms
250 timing idealTree:node_modules/acorn-jsx Completed in 0ms
251 timing idealTree:node_modules/esquery Completed in 0ms
252 timing idealTree:node_modules/esrecurse Completed in 0ms
253 timing idealTree:node_modules/estraverse Completed in 0ms
254 timing idealTree:node_modules/esutils Completed in 0ms
255 timing idealTree:node_modules/fast-deep-equal Completed in 1ms
256 timing idealTree:node_modules/fast-json-stable-stringify Completed in 0ms
257 silly placeDep ROOT flat-cache@4.0.1 OK for: file-entry-cache@8.0.0 want: ^4.0.0
258 silly fetch manifest flatted@^3.2.9
259 silly fetch manifest keyv@^4.5.4
260 http fetch GET 200 https://registry.npmmirror.com/flatted 58ms (cache miss)
261 http fetch GET 200 https://registry.npmmirror.com/keyv 71ms (cache miss)
262 timing idealTree:node_modules/file-entry-cache Completed in 73ms
263 silly placeDep ROOT locate-path@6.0.0 OK for: find-up@5.0.0 want: ^6.0.0
264 silly fetch manifest p-locate@^5.0.0
265 silly placeDep ROOT path-exists@4.0.0 OK for: find-up@5.0.0 want: ^4.0.0
266 http fetch GET 200 https://registry.npmmirror.com/p-locate 84ms (cache miss)
267 timing idealTree:node_modules/find-up Completed in 87ms
268 silly placeDep ROOT flatted@3.4.4 OK for: flat-cache@4.0.1 want: ^3.2.9
269 silly placeDep ROOT keyv@4.5.4 OK for: flat-cache@4.0.1 want: ^4.5.4
270 silly fetch manifest json-buffer@3.0.1
271 http fetch GET 200 https://registry.npmmirror.com/json-buffer 60ms (cache miss)
272 timing idealTree:node_modules/flat-cache Completed in 62ms
273 timing idealTree:node_modules/flatted Completed in 0ms
274 timing idealTree:node_modules/glob-parent Completed in 0ms
275 timing idealTree:node_modules/ignore Completed in 0ms
276 timing idealTree:node_modules/imurmurhash Completed in 0ms
277 silly placeDep ROOT is-extglob@2.1.1 OK for: is-glob@4.0.3 want: ^2.1.1
278 timing idealTree:node_modules/is-glob Completed in 1ms
279 timing idealTree:node_modules/is-extglob Completed in 0ms
280 timing idealTree:node_modules/json-schema-traverse Completed in 0ms
281 timing idealTree:node_modules/json-stable-stringify-without-jsonify Completed in 0ms
282 silly placeDep ROOT json-buffer@3.0.1 OK for: keyv@4.5.4 want: 3.0.1
283 timing idealTree:node_modules/keyv Completed in 1ms
284 timing idealTree:node_modules/json-buffer Completed in 0ms
285 silly placeDep ROOT prelude-ls@1.2.1 OK for: levn@0.4.1 want: ^1.2.1
286 silly placeDep ROOT type-check@0.4.0 OK for: levn@0.4.1 want: ~0.4.0
287 timing idealTree:node_modules/levn Completed in 2ms
288 silly placeDep ROOT p-locate@5.0.0 OK for: locate-path@6.0.0 want: ^5.0.0
289 silly fetch manifest p-limit@^3.0.2
290 http fetch GET 200 https://registry.npmmirror.com/p-limit 73ms (cache miss)
291 timing idealTree:node_modules/locate-path Completed in 76ms
292 silly placeDep ROOT brace-expansion@5.0.9 OK for: minimatch@10.2.6 want: ^5.0.8
293 silly fetch manifest balanced-match@^4.0.2
294 http fetch GET 200 https://registry.npmmirror.com/balanced-match 75ms (cache miss)
295 timing idealTree:node_modules/minimatch Completed in 76ms
296 silly placeDep ROOT balanced-match@4.0.4 OK for: brace-expansion@5.0.9 want: ^4.0.2
297 timing idealTree:node_modules/brace-expansion Completed in 1ms
298 timing idealTree:node_modules/balanced-match Completed in 0ms
299 timing idealTree:node_modules/ms Completed in 0ms
300 timing idealTree:node_modules/natural-compare Completed in 0ms
301 silly placeDep ROOT deep-is@0.1.4 OK for: optionator@0.9.4 want: ^0.1.3
302 silly placeDep ROOT fast-levenshtein@2.0.6 OK for: optionator@0.9.4 want: ^2.0.6
303 silly placeDep ROOT word-wrap@1.2.5 OK for: optionator@0.9.4 want: ^1.2.5
304 timing idealTree:node_modules/optionator Completed in 3ms
305 timing idealTree:node_modules/deep-is Completed in 0ms
306 timing idealTree:node_modules/fast-levenshtein Completed in 0ms
307 silly placeDep ROOT p-limit@3.1.0 OK for: p-locate@5.0.0 want: ^3.0.2
308 silly fetch manifest yocto-queue@^0.1.0
309 http fetch GET 200 https://registry.npmmirror.com/yocto-queue 71ms (cache miss)
310 timing idealTree:node_modules/p-locate Completed in 74ms
311 silly placeDep ROOT yocto-queue@0.1.0 OK for: p-limit@3.1.0 want: ^0.1.0
312 timing idealTree:node_modules/p-limit Completed in 2ms
313 timing idealTree:node_modules/path-exists Completed in 0ms
314 timing idealTree:node_modules/path-key Completed in 0ms
315 timing idealTree:node_modules/prelude-ls Completed in 0ms
316 silly placeDep ROOT shebang-regex@3.0.0 OK for: shebang-command@2.0.0 want: ^3.0.0
317 timing idealTree:node_modules/shebang-command Completed in 1ms
318 timing idealTree:node_modules/shebang-regex Completed in 0ms
319 timing idealTree:node_modules/type-check Completed in 0ms
320 silly placeDep ROOT punycode@2.3.1 OK for: uri-js@4.4.1 want: ^2.1.0
321 timing idealTree:node_modules/uri-js Completed in 1ms
322 timing idealTree:node_modules/punycode Completed in 0ms
323 silly placeDep ROOT isexe@2.0.0 OK for: which@2.0.2 want: ^2.0.0
324 timing idealTree:node_modules/which Completed in 0ms
325 timing idealTree:node_modules/isexe Completed in 0ms
326 timing idealTree:node_modules/word-wrap Completed in 0ms
327 timing idealTree:node_modules/yocto-queue Completed in 0ms
328 timing idealTree:node_modules/@eslint-community/eslint-utils/node_modules/eslint-visitor-keys Completed in 0ms
329 timing idealTree:buildDeps Completed in 1834ms
330 timing idealTree:fixDepFlags Completed in 0ms
331 warn EBADENGINE Unsupported engine {
331 warn EBADENGINE   package: 'eslint@10.8.0',
331 warn EBADENGINE   required: { node: '^20.19.0 || ^22.13.0 || >=24' },
331 warn EBADENGINE   current: { node: 'v20.11.0', npm: '10.2.4' }
331 warn EBADENGINE }
332 warn EBADENGINE Unsupported engine {
332 warn EBADENGINE   package: '@eslint/config-array@0.23.5',
332 warn EBADENGINE   required: { node: '^20.19.0 || ^22.13.0 || >=24' },
332 warn EBADENGINE   current: { node: 'v20.11.0', npm: '10.2.4' }
332 warn EBADENGINE }
333 warn EBADENGINE Unsupported engine {
333 warn EBADENGINE   package: '@eslint/config-helpers@0.7.0',
333 warn EBADENGINE   required: { node: '^20.19.0 || ^22.13.0 || >=24' },
333 warn EBADENGINE   current: { node: 'v20.11.0', npm: '10.2.4' }
333 warn EBADENGINE }
334 warn EBADENGINE Unsupported engine {
334 warn EBADENGINE   package: '@eslint/core@1.2.1',
334 warn EBADENGINE   required: { node: '^20.19.0 || ^22.13.0 || >=24' },
334 warn EBADENGINE   current: { node: 'v20.11.0', npm: '10.2.4' }
334 warn EBADENGINE }
335 warn EBADENGINE Unsupported engine {
335 warn EBADENGINE   package: '@eslint/plugin-kit@0.7.2',
335 warn EBADENGINE   required: { node: '^20.19.0 || ^22.13.0 || >=24' },
335 warn EBADENGINE   current: { node: 'v20.11.0', npm: '10.2.4' }
335 warn EBADENGINE }
336 warn EBADENGINE Unsupported engine {
336 warn EBADENGINE   package: 'eslint-scope@9.1.2',
336 warn EBADENGINE   required: { node: '^20.19.0 || ^22.13.0 || >=24' },
336 warn EBADENGINE   current: { node: 'v20.11.0', npm: '10.2.4' }
336 warn EBADENGINE }
337 warn EBADENGINE Unsupported engine {
337 warn EBADENGINE   package: 'eslint-visitor-keys@5.0.1',
337 warn EBADENGINE   required: { node: '^20.19.0 || ^22.13.0 || >=24' },
337 warn EBADENGINE   current: { node: 'v20.11.0', npm: '10.2.4' }
337 warn EBADENGINE }
338 warn EBADENGINE Unsupported engine {
338 warn EBADENGINE   package: 'espree@11.2.0',
338 warn EBADENGINE   required: { node: '^20.19.0 || ^22.13.0 || >=24' },
338 warn EBADENGINE   current: { node: 'v20.11.0', npm: '10.2.4' }
338 warn EBADENGINE }
339 warn EBADENGINE Unsupported engine {
339 warn EBADENGINE   package: '@eslint/object-schema@3.0.5',
339 warn EBADENGINE   required: { node: '^20.19.0 || ^22.13.0 || >=24' },
339 warn EBADENGINE   current: { node: 'v20.11.0', npm: '10.2.4' }
339 warn EBADENGINE }
340 timing idealTree Completed in 1860ms
341 timing reify:loadTrees Completed in 1860ms
342 timing reify:diffTrees Completed in 2ms
343 silly reify moves {}
344 timing reify:retireShallow Completed in 0ms
345 timing reify:createSparse Completed in 64ms
346 timing reify:loadBundles Completed in 0ms
347 silly audit bulk request {
347 silly audit   eslint: [ '10.8.0' ],
347 silly audit   '@eslint-community/eslint-utils': [ '4.10.1' ],
347 silly audit   '@eslint-community/regexpp': [ '4.12.2' ],
347 silly audit   '@eslint/config-array': [ '0.23.5' ],
347 silly audit   '@eslint/config-helpers': [ '0.7.0' ],
347 silly audit   '@eslint/core': [ '1.2.1' ],
347 silly audit   '@eslint/plugin-kit': [ '0.7.2' ],
347 silly audit   '@humanfs/node': [ '0.16.8' ],
347 silly audit   '@humanwhocodes/module-importer': [ '1.0.1' ],
347 silly audit   '@humanwhocodes/retry': [ '0.4.3' ],
347 silly audit   '@types/estree': [ '1.0.9' ],
347 silly audit   ajv: [ '6.15.0' ],
347 silly audit   'cross-spawn': [ '7.0.6' ],
347 silly audit   debug: [ '4.4.3' ],
347 silly audit   'escape-string-regexp': [ '4.0.0' ],
347 silly audit   'eslint-scope': [ '9.1.2' ],
347 silly audit   'eslint-visitor-keys': [ '5.0.1', '3.4.3' ],
347 silly audit   espree: [ '11.2.0' ],
347 silly audit   esquery: [ '1.7.0' ],
347 silly audit   esutils: [ '2.0.3' ],
347 silly audit   'fast-deep-equal': [ '3.1.3' ],
347 silly audit   'file-entry-cache': [ '8.0.0' ],
347 silly audit   'find-up': [ '5.0.0' ],
347 silly audit   'glob-parent': [ '6.0.2' ],
347 silly audit   ignore: [ '5.3.2' ],
347 silly audit   imurmurhash: [ '0.1.4' ],
347 silly audit   'is-glob': [ '4.0.3' ],
347 silly audit   'json-stable-stringify-without-jsonify': [ '1.0.1' ],
347 silly audit   minimatch: [ '10.2.6' ],
347 silly audit   'natural-compare': [ '1.4.0' ],
347 silly audit   optionator: [ '0.9.4' ],
347 silly audit   '@eslint/object-schema': [ '3.0.5' ],
347 silly audit   '@types/json-schema': [ '7.0.15' ],
347 silly audit   levn: [ '0.4.1' ],
347 silly audit   '@humanfs/core': [ '0.19.2' ],
347 silly audit   '@humanfs/types': [ '0.15.0' ],
347 silly audit   'fast-json-stable-stringify': [ '2.1.0' ],
347 silly audit   'json-schema-traverse': [ '0.4.1' ],
347 silly audit   'uri-js': [ '4.4.1' ],
347 silly audit   'path-key': [ '3.1.1' ],
347 silly audit   'shebang-command': [ '2.0.0' ],
347 silly audit   which: [ '2.0.2' ],
347 silly audit   ms: [ '2.1.3' ],
347 silly audit   '@types/esrecurse': [ '4.3.1' ],
347 silly audit   esrecurse: [ '4.3.0' ],
347 silly audit   estraverse: [ '5.3.0' ],
347 silly audit   acorn: [ '8.18.0' ],
347 silly audit   'acorn-jsx': [ '5.3.2' ],
347 silly audit   'flat-cache': [ '4.0.1' ],
347 silly audit   'locate-path': [ '6.0.0' ],
347 silly audit   'path-exists': [ '4.0.0' ],
347 silly audit   flatted: [ '3.4.4' ],
347 silly audit   keyv: [ '4.5.4' ],
347 silly audit   'is-extglob': [ '2.1.1' ],
347 silly audit   'json-buffer': [ '3.0.1' ],
347 silly audit   'prelude-ls': [ '1.2.1' ],
347 silly audit   'type-check': [ '0.4.0' ],
347 silly audit   'p-locate': [ '5.0.0' ],
347 silly audit   'brace-expansion': [ '5.0.9' ],
347 silly audit   'balanced-match': [ '4.0.4' ],
347 silly audit   'deep-is': [ '0.1.4' ],
347 silly audit   'fast-levenshtein': [ '2.0.6' ],
347 silly audit   'word-wrap': [ '1.2.5' ],
347 silly audit   'p-limit': [ '3.1.0' ],
347 silly audit   'yocto-queue': [ '0.1.0' ],
347 silly audit   'shebang-regex': [ '3.0.0' ],
347 silly audit   punycode: [ '2.3.1' ],
347 silly audit   isexe: [ '2.0.0' ]
347 silly audit }
348 silly tarball no local data for isexe@https://registry.npmmirror.com/isexe/-/isexe-2.0.0.tgz. Extracting by manifest.
349 silly tarball no local data for punycode@https://registry.npmmirror.com/punycode/-/punycode-2.3.1.tgz. Extracting by manifest.
350 silly tarball no local data for p-limit@https://registry.npmmirror.com/p-limit/-/p-limit-3.1.0.tgz. Extracting by manifest.
351 silly tarball no local data for yocto-queue@https://registry.npmmirror.com/yocto-queue/-/yocto-queue-0.1.0.tgz. Extracting by manifest.
352 silly tarball no local data for word-wrap@https://registry.npmmirror.com/word-wrap/-/word-wrap-1.2.5.tgz. Extracting by manifest.
353 silly tarball no local data for shebang-regex@https://registry.npmmirror.com/shebang-regex/-/shebang-regex-3.0.0.tgz. Extracting by manifest.
354 silly tarball no local data for fast-levenshtein@https://registry.npmmirror.com/fast-levenshtein/-/fast-levenshtein-2.0.6.tgz. Extracting by manifest.
355 silly tarball no local data for brace-expansion@https://registry.npmmirror.com/brace-expansion/-/brace-expansion-5.0.9.tgz. Extracting by manifest.
356 silly tarball no local data for balanced-match@https://registry.npmmirror.com/balanced-match/-/balanced-match-4.0.4.tgz. Extracting by manifest.
357 silly tarball no local data for deep-is@https://registry.npmmirror.com/deep-is/-/deep-is-0.1.4.tgz. Extracting by manifest.
358 silly tarball no local data for prelude-ls@https://registry.npmmirror.com/prelude-ls/-/prelude-ls-1.2.1.tgz. Extracting by manifest.
359 silly tarball no local data for keyv@https://registry.npmmirror.com/keyv/-/keyv-4.5.4.tgz. Extracting by manifest.
360 silly tarball no local data for p-locate@https://registry.npmmirror.com/p-locate/-/p-locate-5.0.0.tgz. Extracting by manifest.
361 silly tarball no local data for type-check@https://registry.npmmirror.com/type-check/-/type-check-0.4.0.tgz. Extracting by manifest.
362 silly tarball no local data for json-buffer@https://registry.npmmirror.com/json-buffer/-/json-buffer-3.0.1.tgz. Extracting by manifest.
363 silly tarball no local data for is-extglob@https://registry.npmmirror.com/is-extglob/-/is-extglob-2.1.1.tgz. Extracting by manifest.
364 silly tarball no local data for locate-path@https://registry.npmmirror.com/locate-path/-/locate-path-6.0.0.tgz. Extracting by manifest.
365 silly tarball no local data for @types/esrecurse@https://registry.npmmirror.com/@types/esrecurse/-/esrecurse-4.3.1.tgz. Extracting by manifest.
366 silly tarball no local data for path-exists@https://registry.npmmirror.com/path-exists/-/path-exists-4.0.0.tgz. Extracting by manifest.
367 silly tarball no local data for flatted@https://registry.npmmirror.com/flatted/-/flatted-3.4.4.tgz. Extracting by manifest.
368 silly tarball no local data for estraverse@https://registry.npmmirror.com/estraverse/-/estraverse-5.3.0.tgz. Extracting by manifest.
369 silly tarball no local data for esrecurse@https://registry.npmmirror.com/esrecurse/-/esrecurse-4.3.0.tgz. Extracting by manifest.
370 silly tarball no local data for flat-cache@https://registry.npmmirror.com/flat-cache/-/flat-cache-4.0.1.tgz. Extracting by manifest.
371 silly tarball no local data for acorn-jsx@https://registry.npmmirror.com/acorn-jsx/-/acorn-jsx-5.3.2.tgz. Extracting by manifest.
372 silly tarball no local data for acorn@https://registry.npmmirror.com/acorn/-/acorn-8.18.0.tgz. Extracting by manifest.
373 silly tarball no local data for ms@https://registry.npmmirror.com/ms/-/ms-2.1.3.tgz. Extracting by manifest.
374 silly tarball no local data for @humanfs/types@https://registry.npmmirror.com/@humanfs/types/-/types-0.15.0.tgz. Extracting by manifest.
375 silly tarball no local data for which@https://registry.npmmirror.com/which/-/which-2.0.2.tgz. Extracting by manifest.
376 silly tarball no local data for shebang-command@https://registry.npmmirror.com/shebang-command/-/shebang-command-2.0.0.tgz. Extracting by manifest.
377 silly tarball no local data for @humanfs/core@https://registry.npmmirror.com/@humanfs/core/-/core-0.19.2.tgz. Extracting by manifest.
378 silly tarball no local data for uri-js@https://registry.npmmirror.com/uri-js/-/uri-js-4.4.1.tgz. Extracting by manifest.
379 silly tarball no local data for json-schema-traverse@https://registry.npmmirror.com/json-schema-traverse/-/json-schema-traverse-0.4.1.tgz. Extracting by manifest.
380 silly tarball no local data for @eslint/object-schema@https://registry.npmmirror.com/@eslint/object-schema/-/object-schema-3.0.5.tgz. Extracting by manifest.
381 silly tarball no local data for path-key@https://registry.npmmirror.com/path-key/-/path-key-3.1.1.tgz. Extracting by manifest.
382 silly tarball no local data for levn@https://registry.npmmirror.com/levn/-/levn-0.4.1.tgz. Extracting by manifest.
383 silly tarball no local data for fast-json-stable-stringify@https://registry.npmmirror.com/fast-json-stable-stringify/-/fast-json-stable-stringify-2.1.0.tgz. Extracting by manifest.
384 silly tarball no local data for optionator@https://registry.npmmirror.com/optionator/-/optionator-0.9.4.tgz. Extracting by manifest.
385 silly tarball no local data for json-stable-stringify-without-jsonify@https://registry.npmmirror.com/json-stable-stringify-without-jsonify/-/json-stable-stringify-without-jsonify-1.0.1.tgz. Extracting by manifest.
386 silly tarball no local data for @types/json-schema@https://registry.npmmirror.com/@types/json-schema/-/json-schema-7.0.15.tgz. Extracting by manifest.
387 silly tarball no local data for minimatch@https://registry.npmmirror.com/minimatch/-/minimatch-10.2.6.tgz. Extracting by manifest.
388 silly tarball no local data for natural-compare@https://registry.npmmirror.com/natural-compare/-/natural-compare-1.4.0.tgz. Extracting by manifest.
389 silly tarball no local data for is-glob@https://registry.npmmirror.com/is-glob/-/is-glob-4.0.3.tgz. Extracting by manifest.
390 silly tarball no local data for imurmurhash@https://registry.npmmirror.com/imurmurhash/-/imurmurhash-0.1.4.tgz. Extracting by manifest.
391 silly tarball no local data for file-entry-cache@https://registry.npmmirror.com/file-entry-cache/-/file-entry-cache-8.0.0.tgz. Extracting by manifest.
392 silly tarball no local data for glob-parent@https://registry.npmmirror.com/glob-parent/-/glob-parent-6.0.2.tgz. Extracting by manifest.
393 silly tarball no local data for ignore@https://registry.npmmirror.com/ignore/-/ignore-5.3.2.tgz. Extracting by manifest.
394 silly tarball no local data for find-up@https://registry.npmmirror.com/find-up/-/find-up-5.0.0.tgz. Extracting by manifest.
395 silly tarball no local data for esquery@https://registry.npmmirror.com/esquery/-/esquery-1.7.0.tgz. Extracting by manifest.
396 silly tarball no local data for fast-deep-equal@https://registry.npmmirror.com/fast-deep-equal/-/fast-deep-equal-3.1.3.tgz. Extracting by manifest.
397 silly tarball no local data for esutils@https://registry.npmmirror.com/esutils/-/esutils-2.0.3.tgz. Extracting by manifest.
398 silly tarball no local data for espree@https://registry.npmmirror.com/espree/-/espree-11.2.0.tgz. Extracting by manifest.
399 silly tarball no local data for eslint-scope@https://registry.npmmirror.com/eslint-scope/-/eslint-scope-9.1.2.tgz. Extracting by manifest.
400 silly tarball no local data for eslint-visitor-keys@https://registry.npmmirror.com/eslint-visitor-keys/-/eslint-visitor-keys-5.0.1.tgz. Extracting by manifest.
401 silly tarball no local data for @types/estree@https://registry.npmmirror.com/@types/estree/-/estree-1.0.9.tgz. Extracting by manifest.
402 silly tarball no local data for @humanwhocodes/retry@https://registry.npmmirror.com/@humanwhocodes/retry/-/retry-0.4.3.tgz. Extracting by manifest.
403 silly tarball no local data for @humanwhocodes/module-importer@https://registry.npmmirror.com/@humanwhocodes/module-importer/-/module-importer-1.0.1.tgz. Extracting by manifest.
404 silly tarball no local data for escape-string-regexp@https://registry.npmmirror.com/escape-string-regexp/-/escape-string-regexp-4.0.0.tgz. Extracting by manifest.
405 silly tarball no local data for @eslint/plugin-kit@https://registry.npmmirror.com/@eslint/plugin-kit/-/plugin-kit-0.7.2.tgz. Extracting by manifest.
406 silly tarball no local data for debug@https://registry.npmmirror.com/debug/-/debug-4.4.3.tgz. Extracting by manifest.
407 silly tarball no local data for @humanfs/node@https://registry.npmmirror.com/@humanfs/node/-/node-0.16.8.tgz. Extracting by manifest.
408 silly tarball no local data for @eslint-community/regexpp@https://registry.npmmirror.com/@eslint-community/regexpp/-/regexpp-4.12.2.tgz. Extracting by manifest.
409 silly tarball no local data for cross-spawn@https://registry.npmmirror.com/cross-spawn/-/cross-spawn-7.0.6.tgz. Extracting by manifest.
410 silly tarball no local data for ajv@https://registry.npmmirror.com/ajv/-/ajv-6.15.0.tgz. Extracting by manifest.
411 silly tarball no local data for @eslint/config-array@https://registry.npmmirror.com/@eslint/config-array/-/config-array-0.23.5.tgz. Extracting by manifest.
412 silly tarball no local data for @eslint/core@https://registry.npmmirror.com/@eslint/core/-/core-1.2.1.tgz. Extracting by manifest.
413 silly tarball no local data for eslint-visitor-keys@https://registry.npmmirror.com/eslint-visitor-keys/-/eslint-visitor-keys-3.4.3.tgz. Extracting by manifest.
414 silly tarball no local data for @eslint/config-helpers@https://registry.npmmirror.com/@eslint/config-helpers/-/config-helpers-0.7.0.tgz. Extracting by manifest.
415 silly tarball no local data for eslint@https://registry.npmmirror.com/eslint/-/eslint-10.8.0.tgz. Extracting by manifest.
416 silly tarball no local data for @eslint-community/eslint-utils@https://registry.npmmirror.com/@eslint-community/eslint-utils/-/eslint-utils-4.10.1.tgz. Extracting by manifest.
417 http fetch POST 404 https://registry.npmmirror.com/-/npm/v1/security/advisories/bulk 129ms
418 silly audit bulk request failed [object Object]
419 http fetch POST 404 https://registry.npmmirror.com/-/npm/v1/security/audits/quick 90ms
420 verbose audit error HttpErrorGeneral: 404 Not Found - POST https://registry.npmmirror.com/-/npm/v1/security/audits/quick - [NOT_IMPLEMENTED] /-/npm/v1/security/* not implemented yet
420 verbose audit error     at D:\DevelpTools\nodejs\node_modules\npm\node_modules\npm-registry-fetch\lib\check-response.js:95:15
420 verbose audit error     at process.processTicksAndRejections (node:internal/process/task_queues:95:5)
420 verbose audit error     at async [getReport] (D:\DevelpTools\nodejs\node_modules\npm\node_modules\@npmcli\arborist\lib\audit-report.js:335:21)
420 verbose audit error     at async AuditReport.run (D:\DevelpTools\nodejs\node_modules\npm\node_modules\@npmcli\arborist\lib\audit-report.js:106:19) {
420 verbose audit error   headers: [Object: null prototype] {
420 verbose audit error     server: [ 'Tengine' ],
420 verbose audit error     date: [ 'Fri, 31 Jul 2026 06:56:29 GMT' ],
420 verbose audit error     'content-type': [ 'application/json' ],
420 verbose audit error     'transfer-encoding': [ 'chunked' ],
420 verbose audit error     connection: [ 'keep-alive' ],
420 verbose audit error     'strict-transport-security': [ 'max-age=5184000' ],
420 verbose audit error     via: [ 'kunlun9.cn9404[,404666]' ],
420 verbose audit error     'timing-allow-origin': [ '*' ],
420 verbose audit error     eagleid: [ '6f3e618e17854809897862941e' ],
420 verbose audit error     'x-fetch-attempts': [ '1' ]
420 verbose audit error   },
420 verbose audit error   statusCode: 404,
420 verbose audit error   code: 'E404',
420 verbose audit error   method: 'POST',
420 verbose audit error   uri: 'https://registry.npmmirror.com/-/npm/v1/security/audits/quick',
420 verbose audit error   body: {
420 verbose audit error     error: '[NOT_IMPLEMENTED] /-/npm/v1/security/* not implemented yet'
420 verbose audit error   },
420 verbose audit error   pkgid: undefined
420 verbose audit error }
421 silly audit error [object Object]
422 timing auditReport:getReport Completed in 280ms
423 silly audit report null
424 timing reify:audit Completed in 280ms
425 http fetch GET 200 https://cdn.npmmirror.com/packages/fast-levenshtein/2.0.6/fast-levenshtein-2.0.6.tgz 1387ms (cache miss)
426 timing reifyNode:node_modules/fast-levenshtein Completed in 1448ms
427 http fetch GET 200 https://cdn.npmmirror.com/packages/estraverse/5.3.0/estraverse-5.3.0.tgz 1379ms (cache miss)
428 timing reifyNode:node_modules/estraverse Completed in 1452ms
429 http fetch GET 200 https://cdn.npmmirror.com/packages/glob-parent/6.0.2/glob-parent-6.0.2.tgz 1596ms (cache miss)
430 timing reifyNode:node_modules/glob-parent Completed in 1682ms
431 http fetch GET 200 https://cdn.npmmirror.com/packages/esrecurse/4.3.0/esrecurse-4.3.0.tgz 1617ms (cache miss)
432 http fetch GET 200 https://cdn.npmmirror.com/packages/shebang-regex/3.0.0/shebang-regex-3.0.0.tgz 1636ms (cache miss)
433 timing reifyNode:node_modules/esrecurse Completed in 1696ms
434 http fetch GET 200 https://cdn.npmmirror.com/packages/levn/0.4.1/levn-0.4.1.tgz 1617ms (cache miss)
435 http fetch GET 200 https://cdn.npmmirror.com/packages/find-up/5.0.0/find-up-5.0.0.tgz 1609ms (cache miss)
436 http fetch GET 200 https://cdn.npmmirror.com/packages/natural-compare/1.4.0/natural-compare-1.4.0.tgz 1614ms (cache miss)
437 timing reifyNode:node_modules/natural-compare Completed in 1698ms
438 http fetch GET 200 https://cdn.npmmirror.com/packages/is-glob/4.0.3/is-glob-4.0.3.tgz 1621ms (cache miss)
439 http fetch GET 200 https://cdn.npmmirror.com/packages/path-key/3.1.1/path-key-3.1.1.tgz 1627ms (cache miss)
440 timing reifyNode:node_modules/is-glob Completed in 1707ms
441 http fetch GET 200 https://cdn.npmmirror.com/packages/word-wrap/1.2.5/word-wrap-1.2.5.tgz 1652ms (cache miss)
442 timing reifyNode:node_modules/shebang-regex Completed in 1716ms
443 http fetch GET 200 https://cdn.npmmirror.com/packages/yocto-queue/0.1.0/yocto-queue-0.1.0.tgz 1659ms (cache miss)
444 timing reifyNode:node_modules/word-wrap Completed in 1719ms
445 http fetch GET 200 https://cdn.npmmirror.com/packages/punycode/2.3.1/punycode-2.3.1.tgz 1662ms (cache miss)
446 http fetch GET 200 https://cdn.npmmirror.com/packages/path-exists/4.0.0/path-exists-4.0.0.tgz 1648ms (cache miss)
447 timing reifyNode:node_modules/path-key Completed in 1720ms
448 timing reifyNode:node_modules/path-exists Completed in 1743ms
449 timing reifyNode:node_modules/punycode Completed in 1744ms
450 http fetch GET 200 https://cdn.npmmirror.com/packages/%40types/estree/1.0.9/estree-1.0.9.tgz 1646ms (cache miss)
451 timing reifyNode:node_modules/yocto-queue Completed in 1745ms
452 http fetch GET 200 https://cdn.npmmirror.com/packages/imurmurhash/0.1.4/imurmurhash-0.1.4.tgz 1658ms (cache miss)
453 timing reifyNode:node_modules/imurmurhash Completed in 1744ms
454 timing reifyNode:node_modules/find-up Completed in 1769ms
455 timing reifyNode:node_modules/@types/estree Completed in 1771ms
456 http fetch GET 200 https://cdn.npmmirror.com/packages/type-check/0.4.0/type-check-0.4.0.tgz 1713ms (cache miss)
457 http fetch GET 200 https://cdn.npmmirror.com/packages/keyv/4.5.4/keyv-4.5.4.tgz 1718ms (cache miss)
458 timing reifyNode:node_modules/keyv Completed in 1783ms
459 timing reifyNode:node_modules/levn Completed in 1783ms
460 timing reifyNode:node_modules/type-check Completed in 1784ms
461 http fetch GET 200 https://cdn.npmmirror.com/packages/esutils/2.0.3/esutils-2.0.3.tgz 1808ms (cache miss)
462 timing reifyNode:node_modules/esutils Completed in 1919ms
463 http fetch GET 200 https://cdn.npmmirror.com/packages/%40humanfs/node/0.16.8/node-0.16.8.tgz 1827ms (cache miss)
464 http fetch GET 200 https://cdn.npmmirror.com/packages/json-schema-traverse/0.4.1/json-schema-traverse-0.4.1.tgz 1855ms (cache miss)
465 http fetch GET 200 https://cdn.npmmirror.com/packages/prelude-ls/1.2.1/prelude-ls-1.2.1.tgz 1882ms (cache miss)
466 http fetch GET 200 https://cdn.npmmirror.com/packages/optionator/0.9.4/optionator-0.9.4.tgz 1880ms (cache miss)
467 timing reifyNode:node_modules/optionator Completed in 1961ms
468 timing reifyNode:node_modules/json-schema-traverse Completed in 1962ms
469 timing reifyNode:node_modules/@humanfs/node Completed in 1973ms
470 http fetch GET 200 https://cdn.npmmirror.com/packages/acorn-jsx/5.3.2/acorn-jsx-5.3.2.tgz 1901ms (cache miss)
471 http fetch GET 200 https://cdn.npmmirror.com/packages/flatted/3.4.4/flatted-3.4.4.tgz 1910ms (cache miss)
472 http fetch GET 200 https://cdn.npmmirror.com/packages/%40types/esrecurse/4.3.1/esrecurse-4.3.1.tgz 1913ms (cache miss)
473 timing reifyNode:node_modules/@types/esrecurse Completed in 1983ms
474 http fetch GET 200 https://cdn.npmmirror.com/packages/cross-spawn/7.0.6/cross-spawn-7.0.6.tgz 1893ms (cache miss)
475 http fetch GET 200 https://cdn.npmmirror.com/packages/eslint-visitor-keys/3.4.3/eslint-visitor-keys-3.4.3.tgz 1895ms (cache miss)
476 http fetch GET 200 https://cdn.npmmirror.com/packages/p-limit/3.1.0/p-limit-3.1.0.tgz 1942ms (cache miss)
477 timing reifyNode:node_modules/cross-spawn Completed in 2007ms
478 timing reifyNode:node_modules/p-limit Completed in 2009ms
479 http fetch GET 200 https://cdn.npmmirror.com/packages/which/2.0.2/which-2.0.2.tgz 1953ms (cache miss)
480 http fetch GET 200 https://cdn.npmmirror.com/packages/%40types/json-schema/7.0.15/json-schema-7.0.15.tgz 1951ms (cache miss)
481 http fetch GET 200 https://cdn.npmmirror.com/packages/escape-string-regexp/4.0.0/escape-string-regexp-4.0.0.tgz 1936ms (cache miss)
482 http fetch GET 200 https://cdn.npmmirror.com/packages/ms/2.1.3/ms-2.1.3.tgz 1962ms (cache miss)
483 timing reifyNode:node_modules/ms Completed in 2037ms
484 timing reifyNode:node_modules/acorn-jsx Completed in 2039ms
485 timing reifyNode:node_modules/escape-string-regexp Completed in 2038ms
486 http fetch GET 200 https://cdn.npmmirror.com/packages/file-entry-cache/8.0.0/file-entry-cache-8.0.0.tgz 1959ms (cache miss)
487 http fetch GET 200 https://cdn.npmmirror.com/packages/locate-path/6.0.0/locate-path-6.0.0.tgz 1980ms (cache miss)
488 timing reifyNode:node_modules/file-entry-cache Completed in 2047ms
489 timing reifyNode:node_modules/which Completed in 2049ms
490 timing reifyNode:node_modules/@types/json-schema Completed in 2063ms
491 http fetch GET 200 https://cdn.npmmirror.com/packages/is-extglob/2.1.1/is-extglob-2.1.1.tgz 1997ms (cache miss)
492 timing reifyNode:node_modules/is-extglob Completed in 2064ms
493 http fetch GET 200 https://cdn.npmmirror.com/packages/shebang-command/2.0.0/shebang-command-2.0.0.tgz 1989ms (cache miss)
494 timing reifyNode:node_modules/shebang-command Completed in 2065ms
495 http fetch GET 200 https://cdn.npmmirror.com/packages/p-locate/5.0.0/p-locate-5.0.0.tgz 2004ms (cache miss)
496 timing reifyNode:node_modules/locate-path Completed in 2070ms
497 http fetch GET 200 https://cdn.npmmirror.com/packages/%40humanfs/types/0.15.0/types-0.15.0.tgz 1997ms (cache miss)
498 timing reifyNode:node_modules/p-locate Completed in 2072ms
499 http fetch GET 200 https://cdn.npmmirror.com/packages/isexe/2.0.0/isexe-2.0.0.tgz 2021ms (cache miss)
500 http fetch GET 200 https://cdn.npmmirror.com/packages/json-buffer/3.0.1/json-buffer-3.0.1.tgz 2011ms (cache miss)
501 timing reifyNode:node_modules/@humanfs/types Completed in 2078ms
502 timing reifyNode:node_modules/isexe Completed in 2087ms
503 timing reifyNode:node_modules/json-buffer Completed in 2088ms
504 http fetch GET 200 https://cdn.npmmirror.com/packages/deep-is/0.1.4/deep-is-0.1.4.tgz 2031ms (cache miss)
505 http fetch GET 200 https://cdn.npmmirror.com/packages/flat-cache/4.0.1/flat-cache-4.0.1.tgz 2027ms (cache miss)
506 timing reifyNode:node_modules/deep-is Completed in 2105ms
507 http fetch GET 200 https://cdn.npmmirror.com/packages/eslint-visitor-keys/5.0.1/eslint-visitor-keys-5.0.1.tgz 2010ms (cache miss)
508 timing reifyNode:node_modules/flat-cache Completed in 2110ms
509 timing reifyNode:node_modules/@eslint-community/eslint-utils/node_modules/eslint-visitor-keys Completed in 2111ms
510 timing reifyNode:node_modules/eslint-visitor-keys Completed in 2113ms
511 timing reifyNode:node_modules/prelude-ls Completed in 2119ms
512 http fetch GET 200 https://cdn.npmmirror.com/packages/fast-deep-equal/3.1.3/fast-deep-equal-3.1.3.tgz 2036ms (cache miss)
513 http fetch GET 200 https://cdn.npmmirror.com/packages/ignore/5.3.2/ignore-5.3.2.tgz 2041ms (cache miss)
514 timing reifyNode:node_modules/ignore Completed in 2129ms
515 timing reifyNode:node_modules/fast-deep-equal Completed in 2134ms
516 http fetch GET 200 https://cdn.npmmirror.com/packages/%40humanwhocodes/module-importer/1.0.1/module-importer-1.0.1.tgz 2039ms (cache miss)
517 timing reifyNode:node_modules/@humanwhocodes/module-importer Completed in 2146ms
518 http fetch GET 200 https://cdn.npmmirror.com/packages/debug/4.4.3/debug-4.4.3.tgz 2052ms (cache miss)
519 timing reifyNode:node_modules/debug Completed in 2151ms
520 http fetch GET 200 https://cdn.npmmirror.com/packages/%40eslint/object-schema/3.0.5/object-schema-3.0.5.tgz 2079ms (cache miss)
521 timing reifyNode:node_modules/@eslint/object-schema Completed in 2159ms
522 http fetch GET 200 https://cdn.npmmirror.com/packages/%40eslint/core/1.2.1/core-1.2.1.tgz 2058ms (cache miss)
523 timing reifyNode:node_modules/@eslint/core Completed in 2160ms
524 http fetch GET 200 https://cdn.npmmirror.com/packages/%40eslint/plugin-kit/0.7.2/plugin-kit-0.7.2.tgz 2071ms (cache miss)
525 timing reifyNode:node_modules/@eslint/plugin-kit Completed in 2179ms
526 http fetch GET 200 https://cdn.npmmirror.com/packages/json-stable-stringify-without-jsonify/1.0.1/json-stable-stringify-without-jsonify-1.0.1.tgz 2102ms (cache miss)
527 http fetch GET 200 https://cdn.npmmirror.com/packages/balanced-match/4.0.4/balanced-match-4.0.4.tgz 2122ms (cache miss)
528 http fetch GET 200 https://cdn.npmmirror.com/packages/%40humanwhocodes/retry/0.4.3/retry-0.4.3.tgz 2090ms (cache miss)
529 timing reifyNode:node_modules/@humanwhocodes/retry Completed in 2187ms
530 timing reifyNode:node_modules/json-stable-stringify-without-jsonify Completed in 2190ms
531 timing reifyNode:node_modules/balanced-match Completed in 2191ms
532 http fetch GET 200 https://cdn.npmmirror.com/packages/%40eslint/config-helpers/0.7.0/config-helpers-0.7.0.tgz 2089ms (cache miss)
533 timing reifyNode:node_modules/@eslint/config-helpers Completed in 2193ms
534 http fetch GET 200 https://cdn.npmmirror.com/packages/brace-expansion/5.0.9/brace-expansion-5.0.9.tgz 2133ms (cache miss)
535 timing reifyNode:node_modules/brace-expansion Completed in 2194ms
536 timing reifyNode:node_modules/flatted Completed in 2197ms
537 http fetch GET 200 https://cdn.npmmirror.com/packages/espree/11.2.0/espree-11.2.0.tgz 2106ms (cache miss)
538 http fetch GET 200 https://cdn.npmmirror.com/packages/eslint-scope/9.1.2/eslint-scope-9.1.2.tgz 2108ms (cache miss)
539 timing reifyNode:node_modules/eslint-scope Completed in 2199ms
540 timing reifyNode:node_modules/espree Completed in 2202ms
541 http fetch GET 200 https://cdn.npmmirror.com/packages/%40eslint-community/regexpp/4.12.2/regexpp-4.12.2.tgz 2108ms (cache miss)
542 timing reifyNode:node_modules/@eslint-community/regexpp Completed in 2209ms
543 http fetch GET 200 https://cdn.npmmirror.com/packages/%40eslint-community/eslint-utils/4.10.1/eslint-utils-4.10.1.tgz 2106ms (cache miss)
544 http fetch GET 200 https://cdn.npmmirror.com/packages/fast-json-stable-stringify/2.1.0/fast-json-stable-stringify-2.1.0.tgz 2134ms (cache miss)
545 http fetch GET 200 https://cdn.npmmirror.com/packages/%40humanfs/core/0.19.2/core-0.19.2.tgz 2139ms (cache miss)
546 timing reifyNode:node_modules/@humanfs/core Completed in 2216ms
547 timing reifyNode:node_modules/@eslint-community/eslint-utils Completed in 2216ms
548 timing reifyNode:node_modules/fast-json-stable-stringify Completed in 2217ms
549 http fetch GET 200 https://cdn.npmmirror.com/packages/%40eslint/config-array/0.23.5/config-array-0.23.5.tgz 2127ms (cache miss)
550 timing reifyNode:node_modules/@eslint/config-array Completed in 2230ms
551 http fetch GET 200 https://cdn.npmmirror.com/packages/acorn/8.18.0/acorn-8.18.0.tgz 2228ms (cache miss)
552 timing reifyNode:node_modules/acorn Completed in 2303ms
553 http fetch GET 200 https://cdn.npmmirror.com/packages/minimatch/10.2.6/minimatch-10.2.6.tgz 2239ms (cache miss)
554 timing reifyNode:node_modules/minimatch Completed in 2323ms
555 http fetch GET 200 https://cdn.npmmirror.com/packages/uri-js/4.4.1/uri-js-4.4.1.tgz 2268ms (cache miss)
556 timing reifyNode:node_modules/uri-js Completed in 2345ms
557 http fetch GET 200 https://cdn.npmmirror.com/packages/ajv/6.15.0/ajv-6.15.0.tgz 2292ms (cache miss)
558 timing reifyNode:node_modules/ajv Completed in 2393ms
559 http fetch GET 200 https://cdn.npmmirror.com/packages/esquery/1.7.0/esquery-1.7.0.tgz 2502ms (cache miss)
560 timing reifyNode:node_modules/esquery Completed in 2591ms
561 http fetch GET 200 https://cdn.npmmirror.com/packages/eslint/10.8.0/eslint-10.8.0.tgz 2761ms (cache miss)
562 timing reifyNode:node_modules/eslint Completed in 2866ms
563 timing reify:unpack Completed in 2868ms
564 timing reify:unretire Completed in 0ms
565 timing build:queue Completed in 7ms
566 timing build:link:node_modules/acorn Completed in 32ms
567 timing build:link:node_modules/which Completed in 41ms
568 timing build:link:node_modules/eslint Completed in 52ms
569 timing build:link Completed in 53ms
570 timing build:deps Completed in 60ms
571 timing build Completed in 60ms
572 timing reify:build Completed in 62ms
573 timing reify:trash Completed in 0ms
574 timing reify:save Completed in 30ms
575 timing reify Completed in 4908ms
576 timing command:exec Completed in 9899ms
577 notice
577 notice New major version of npm available! 10.2.4 -> 12.0.2
577 notice Changelog: <https://github.com/npm/cli/releases/tag/v12.0.2>
577 notice Run `npm install -g npm@12.0.2` to update!
577 notice
578 verbose exit 2
579 timing npm Completed in 10733ms
580 verbose code 2
